time;result
30.10.16 12:00:00;69.5
30.10.16 12:01:00;-95.0
30.10.16 12:02:00;
30.10.16 12:03:00;

30.10.16 12:04:00;1000042.0
